// Jest Snapshot v1, https://goo.gl/fbAQLP

exports[`Testing should NotFoundPage render currectly 1`] = `
<div>
  404 Not Found!!!
</div>
`;
